            --------------------------------------------------------
                             AMBER SQM VERSION 19
 
                                     By
              Ross C. Walker, Michael F. Crowley, Scott Brozell,
                         Tim Giese, Andreas W. Goetz,
                        Tai-Sung Lee and David A. Case
 
            --------------------------------------------------------
 

--------------------------------------------------------------------------------
  QM CALCULATION INFO
--------------------------------------------------------------------------------

| QMMM: Citation for AMBER QMMM Run:
| QMMM: R.C. Walker, M.F. Crowley and D.A. Case, J. COMP. CHEM. 29:1019, 2008

QMMM: SINGLET STATE CALCULATION
QMMM: RHF CALCULATION, NO. OF DOUBLY OCCUPIED LEVELS = 42

| QMMM: *** Selected Hamiltonian *** 
| QMMM: AM1         

| QMMM: *** Parameter sets in use ***
| QMMM: C : M.J.S.DEWAR et al. JACS, 107, 3902, (1985)
| QMMM: N : M.J.S.DEWAR et al. JACS, 107, 3902, (1985)
| QMMM: H : M.J.S.DEWAR et al. JACS, 107, 3902, (1985)

| QMMM: *** SCF convergence criteria ***
| QMMM: Energy change                :  0.1D-09 kcal/mol
| QMMM: Error matrix |FP-PF|         :  0.1D+00 au
| QMMM: Density matrix change        :  0.5D-06
| QMMM: Maximum number of SCF cycles :     1000

| QMMM: *** Diagonalization Routine Information ***
| QMMM: Pseudo diagonalizations are allowed.
| QMMM: Auto diagonalization routine selection is in use.
| QMMM:
| QMMM: Timing diagonalization routines:
| QMMM:                              norbs =       84
| QMMM:    diag iterations used for timing =       15
| QMMM:
| QMMM:              Internal diag routine = 0.014152 seconds
| QMMM:                 Dspev diag routine = 0.008502 seconds
| QMMM:                Dspevd diag routine = 0.005156 seconds
| QMMM:                Dspevx diag routine = 0.048993 seconds
| QMMM:                 Dsyev diag routine = 0.016482 seconds
| QMMM:                Dsyevd diag routine = 0.006353 seconds
| QMMM:                Dsyevr diag routine = 0.009101 seconds
| QMMM:
| QMMM:                Pseudo diag routine = 0.005353 seconds
| QMMM: Pseudo diagonalization appears to be slower than regular
| QMMM: diagonalization. Setting pseudo_diag=0 for optimum performance.
| QMMM:
| QMMM: Using dspevd routine (diag_routine=3).

  QMMM: QM Region Cartesian Coordinates (*=link atom) 
  QMMM: QM_NO.   MM_NO.  ATOM         X         Y         Z
  QMMM:     1        1      C        3.9260    1.0990    0.8110
  QMMM:     2        2      C        3.1940   -0.0070    0.0240
  QMMM:     3        3      C        1.6880    0.2260    0.0460
  QMMM:     4        4      C        1.0120    0.5240   -1.1440
  QMMM:     5        5      C       -0.3670    0.7480   -1.1460
  QMMM:     6        6      C       -1.1060    0.6730    0.0430
  QMMM:     7        7      C       -2.5960    0.9020    0.0400
  QMMM:     8        8      N       -3.4870   -0.3410   -0.1680
  QMMM:     9        9      C       -3.2070   -0.9960   -1.5120
  QMMM:    10       10      C       -3.2680   -1.3620    0.9390
  QMMM:    11       11      C       -4.9430    0.1110   -0.1360
  QMMM:    12       12      C       -0.4270    0.3910    1.2370
  QMMM:    13       13      C        0.9520    0.1670    1.2370
  QMMM:    14       14      C        5.4390    1.0540    0.6500
  QMMM:    15       15      H        3.6830    1.0380    1.8790
  QMMM:    16       16      H        3.5750    2.0810    0.4680
  QMMM:    17       17      C        3.5350   -1.4140    0.5270
  QMMM:    18       18      H        3.5310    0.0480   -1.0200
  QMMM:    19       19      H        1.5620    0.5930   -2.0820
  QMMM:    20       20      H       -0.8480    0.9930   -2.0920
  QMMM:    21       21      H       -2.9040    1.3560    0.9920
  QMMM:    22       22      H       -2.8600    1.6160   -0.7510
  QMMM:    23       23      H       -3.3100   -0.2390   -2.2960
  QMMM:    24       24      H       -2.1970   -1.4150   -1.5050
  QMMM:    25       25      H       -3.9350   -1.7990   -1.6630
  QMMM:    26       26      H       -2.2560   -1.7680    0.8580
  QMMM:    27       27      H       -3.4140   -0.8670    1.9030
  QMMM:    28       28      H       -3.9970   -2.1690    0.8130
  QMMM:    29       29      H       -5.5840   -0.7630   -0.2830
  QMMM:    30       30      H       -5.0990    0.8350   -0.9420
  QMMM:    31       31      H       -5.1430    0.5700    0.8370
  QMMM:    32       32      H       -0.9550    0.3520    2.1880
  QMMM:    33       33      H        1.4540   -0.0450    2.1800
  QMMM:    34       34      H        5.8950    1.9140    1.1510
  QMMM:    35       35      H        5.8640    0.1490    1.0940
  QMMM:    36       36      H        5.7230    1.0890   -0.4070
  QMMM:    37       37      H        2.9450   -2.1720   -0.0020
  QMMM:    38       38      H        3.3350   -1.5240    1.5980
  QMMM:    39       39      H        4.5910   -1.6480    0.3580

--------------------------------------------------------------------------------
  RESULTS
--------------------------------------------------------------------------------

      iter         sqm energy              rms gradient
      ----    -------------------    -----------------------
xmin    10      156.3803 kcal/mol        0.5252 kcal/(mol*A)
xmin    20      156.3319 kcal/mol        0.3305 kcal/(mol*A)
xmin    30      156.3132 kcal/mol        0.1364 kcal/(mol*A)
xmin    40      156.3033 kcal/mol        0.0345 kcal/(mol*A)
xmin    50      156.2937 kcal/mol        0.0164 kcal/(mol*A)
xmin    60      156.2921 kcal/mol        0.0533 kcal/(mol*A)
xmin    70      156.2898 kcal/mol        0.0447 kcal/(mol*A)
xmin    80      156.2891 kcal/mol        0.0239 kcal/(mol*A)
xmin    90      156.2889 kcal/mol        0.0220 kcal/(mol*A)
xmin   100      156.2887 kcal/mol        0.0191 kcal/(mol*A)
xmin   110      156.2884 kcal/mol        0.0311 kcal/(mol*A)
xmin   120      156.2877 kcal/mol        0.0041 kcal/(mol*A)
xmin   130      156.2875 kcal/mol        0.0080 kcal/(mol*A)
xmin   140      156.2873 kcal/mol        0.0115 kcal/(mol*A)
xmin   150      156.2873 kcal/mol        0.0081 kcal/(mol*A)
xmin   160      156.2873 kcal/mol        0.0106 kcal/(mol*A)
xmin   170      156.2871 kcal/mol        0.0045 kcal/(mol*A)
xmin   180      156.2871 kcal/mol        0.0046 kcal/(mol*A)
xmin   190      156.2871 kcal/mol        0.0091 kcal/(mol*A)
xmin   200      156.2871 kcal/mol        0.0020 kcal/(mol*A)
xmin   210      156.2871 kcal/mol        0.0020 kcal/(mol*A)
xmin   220      156.2870 kcal/mol        0.0014 kcal/(mol*A)
xmin   230      156.2870 kcal/mol        0.0030 kcal/(mol*A)
xmin   240      156.2870 kcal/mol        0.0033 kcal/(mol*A)
xmin   250      156.2870 kcal/mol        0.0019 kcal/(mol*A)
xmin   260      156.2870 kcal/mol        0.0012 kcal/(mol*A)
xmin   270      156.2870 kcal/mol        0.0010 kcal/(mol*A)
  ... geometry converged !
 
 Final MO eigenvalues (eV):
 -45.8975  -43.0061  -39.5991  -35.9612  -34.9394  -33.5578  -33.4044  -33.0448
 -31.1866  -28.4965  -27.0843  -26.8035  -25.3571  -23.2144  -22.1970  -22.0152
 -21.9577  -20.1339  -19.6224  -19.2265  -18.4144  -18.3630  -17.9581  -17.8388
 -17.8001  -17.7421  -17.5576  -17.5165  -17.3960  -17.2336  -17.0030  -16.3435
 -16.1456  -15.4767  -15.2720  -15.1948  -14.7069  -14.1586  -13.8108  -13.5700
 -13.0061  -12.7039   -3.9211   -2.9762   -2.7298   -1.6158   -1.5798   -1.5658
  -0.6730   -0.6498   -0.5360   -0.4670   -0.4015   -0.3705   -0.2504   -0.2447
  -0.1905   -0.0340   -0.0205    0.0360    0.0992    0.5525    0.6349    0.9209
   1.2000    1.2602    1.3868    1.5848    1.7405    1.8299    1.9741    2.1036
   2.1784    2.2162    2.3018    2.4300    2.4988    2.6948    2.7351    2.7893
   2.8293    2.9961    3.0372    3.2335

 Heat of formation   =        156.28701883 kcal/mol  (        6.77711369 eV)

 Total SCF energy    =     -53580.72037169 kcal/mol  (    -2323.43438583 eV)
 Electronic energy   =    -367542.25446319 kcal/mol  (   -15937.82812815 eV)
 Core-core repulsion =     313961.53409149 kcal/mol  (    13614.39374231 eV)
 
    Atomic Charges for Step       1 :
  Atom    Element       Mulliken Charge
     1      C                 -0.153
     2      C                 -0.085
     3      C                 -0.006
     4      C                 -0.124
     5      C                 -0.100
     6      C                 -0.183
     7      C                 -0.058
     8      N                  0.026
     9      C                 -0.188
    10      C                 -0.188
    11      C                 -0.188
    12      C                 -0.101
    13      C                 -0.121
    14      C                 -0.215
    15      H                  0.083
    16      H                  0.085
    17      C                 -0.209
    18      H                  0.107
    19      H                  0.158
    20      H                  0.135
    21      H                  0.138
    22      H                  0.138
    23      H                  0.135
    24      H                  0.151
    25      H                  0.135
    26      H                  0.151
    27      H                  0.134
    28      H                  0.135
    29      H                  0.139
    30      H                  0.139
    31      H                  0.139
    32      H                  0.135
    33      H                  0.159
    34      H                  0.088
    35      H                  0.081
    36      H                  0.079
    37      H                  0.077
    38      H                  0.077
    39      H                  0.098
 Total Mulliken Charge =       1.000
 
                  X        Y        Z     TOTAL  
  QM DIPOLE   -12.763   -1.466   -0.546   12.858
 
 Final Structure

  QMMM: QM Region Cartesian Coordinates (*=link atom) 
  QMMM: QM_NO.   MM_NO.  ATOM         X         Y         Z
  QMMM:     1        1      C        3.8529    1.0082    0.9252
  QMMM:     2        2      C        3.1663   -0.0236    0.0340
  QMMM:     3        3      C        1.6844    0.1937    0.0273
  QMMM:     4        4      C        1.0116    0.4316   -1.1791
  QMMM:     5        5      C       -0.3651    0.6380   -1.1922
  QMMM:     6        6      C       -1.0935    0.6078    0.0033
  QMMM:     7        7      C       -2.5503    0.9114    0.0003
  QMMM:     8        8      N       -3.4420   -0.3087   -0.1563
  QMMM:     9        9      C       -3.1556   -0.9921   -1.4501
  QMMM:    10       10      C       -3.2152   -1.2591    0.9699
  QMMM:    11       11      C       -4.8661    0.1400   -0.1418
  QMMM:    12       12      C       -0.4251    0.3739    1.2122
  QMMM:    13       13      C        0.9506    0.1680    1.2221
  QMMM:    14       14      C        5.3225    1.1339    0.6164
  QMMM:    15       15      H        3.7150    0.7209    2.0009
  QMMM:    16       16      H        3.3597    2.0060    0.7799
  QMMM:    17       17      C        3.4889   -1.4384    0.4778
  QMMM:    18       18      H        3.5548    0.1111   -1.0176
  QMMM:    19       19      H        1.5763    0.4647   -2.1252
  QMMM:    20       20      H       -0.8761    0.8416   -2.1462
  QMMM:    21       21      H       -2.8465    1.4045    0.9711
  QMMM:    22       22      H       -2.8011    1.6054   -0.8535
  QMMM:    23       23      H       -3.3547   -0.2826   -2.2962
  QMMM:    24       24      H       -2.0764   -1.3045   -1.4713
  QMMM:    25       25      H       -3.8146   -1.8947   -1.5498
  QMMM:    26       26      H       -2.1365   -1.5741    0.9752
  QMMM:    27       27      H       -3.4593   -0.7500    1.9396
  QMMM:    28       28      H       -3.8732   -2.1583    0.8384
  QMMM:    29       29      H       -5.5377   -0.7519   -0.2569
  QMMM:    30       30      H       -5.0422    0.8534   -0.9900
  QMMM:    31       31      H       -5.0871    0.6523    0.8319
  QMMM:    32       32      H       -0.9842    0.3686    2.1609
  QMMM:    33       33      H        1.4736   -0.0080    2.1765
  QMMM:    34       34      H        5.7856    1.9055    1.2788
  QMMM:    35       35      H        5.8518    0.1649    0.7841
  QMMM:    36       36      H        5.4808    1.4418   -0.4456
  QMMM:    37       37      H        3.0106   -2.1810   -0.2048
  QMMM:    38       38      H        3.1236   -1.6210    1.5171
  QMMM:    39       39      H        4.5942   -1.5991    0.4577

           --------- Calculation Completed ----------

