            --------------------------------------------------------
                             AMBER SQM VERSION 19
 
                                     By
              Ross C. Walker, Michael F. Crowley, Scott Brozell,
                         Tim Giese, Andreas W. Goetz,
                        Tai-Sung Lee and David A. Case
 
            --------------------------------------------------------
 

--------------------------------------------------------------------------------
  QM CALCULATION INFO
--------------------------------------------------------------------------------

| QMMM: Citation for AMBER QMMM Run:
| QMMM: R.C. Walker, M.F. Crowley and D.A. Case, J. COMP. CHEM. 29:1019, 2008

QMMM: SINGLET STATE CALCULATION
QMMM: RHF CALCULATION, NO. OF DOUBLY OCCUPIED LEVELS = 42

| QMMM: *** Selected Hamiltonian *** 
| QMMM: AM1         

| QMMM: *** Parameter sets in use ***
| QMMM: C : M.J.S.DEWAR et al. JACS, 107, 3902, (1985)
| QMMM: N : M.J.S.DEWAR et al. JACS, 107, 3902, (1985)
| QMMM: H : M.J.S.DEWAR et al. JACS, 107, 3902, (1985)

| QMMM: *** SCF convergence criteria ***
| QMMM: Energy change                :  0.1D-09 kcal/mol
| QMMM: Error matrix |FP-PF|         :  0.1D+00 au
| QMMM: Density matrix change        :  0.5D-06
| QMMM: Maximum number of SCF cycles :     1000

| QMMM: *** Diagonalization Routine Information ***
| QMMM: Pseudo diagonalizations are allowed.
| QMMM: Auto diagonalization routine selection is in use.
| QMMM:
| QMMM: Timing diagonalization routines:
| QMMM:                              norbs =       84
| QMMM:    diag iterations used for timing =       15
| QMMM:
| QMMM:              Internal diag routine = 0.107727 seconds
| QMMM:                 Dspev diag routine = 0.127339 seconds
| QMMM:                Dspevd diag routine = 3.886083 seconds
| QMMM:                Dspevx diag routine = 0.135883 seconds
| QMMM:                 Dsyev diag routine = 0.034040 seconds
| QMMM:                Dsyevd diag routine = 8.315479 seconds
| QMMM:                Dsyevr diag routine = 6.615401 seconds
| QMMM:
| QMMM:                Pseudo diag routine = 0.035668 seconds
| QMMM: Pseudo diagonalization appears to be slower than regular
| QMMM: diagonalization. Setting pseudo_diag=0 for optimum performance.
| QMMM:
| QMMM: Using dsyev routine (diag_routine=5).

  QMMM: QM Region Cartesian Coordinates (*=link atom) 
  QMMM: QM_NO.   MM_NO.  ATOM         X         Y         Z
  QMMM:     1        1      C        3.9310    1.0920    0.7930
  QMMM:     2        2      C        3.1940   -0.0170    0.0150
  QMMM:     3        3      C        1.6880    0.2200    0.0400
  QMMM:     4        4      C        1.0100    0.5120   -1.1500
  QMMM:     5        5      C       -0.3690    0.7410   -1.1500
  QMMM:     6        6      C       -1.1040    0.6760    0.0420
  QMMM:     7        7      C       -2.5940    0.9090    0.0420
  QMMM:     8        8      N       -3.4890   -0.3330   -0.1550
  QMMM:     9        9      C       -3.2140   -0.9970   -1.4970
  QMMM:    10       10      C       -3.2690   -1.3470    0.9570
  QMMM:    11       11      C       -4.9440    0.1240   -0.1230
  QMMM:    12       12      C       -0.4220    0.4000    1.2360
  QMMM:    13       13      C        0.9560    0.1720    1.2330
  QMMM:    14       14      C        5.4440    1.0420    0.6270
  QMMM:    15       15      H        3.6910    1.0390    1.8620
  QMMM:    16       16      H        3.5820    2.0730    0.4440
  QMMM:    17       17      C        3.5320   -1.4220    0.5260
  QMMM:    18       18      H        3.5280    0.0310   -1.0310
  QMMM:    19       19      H        1.5570    0.5740   -2.0900
  QMMM:    20       20      H       -0.8510    0.9810   -2.0950
  QMMM:    21       21      H       -2.8970    1.3700    0.9910
  QMMM:    22       22      H       -2.8580    1.6190   -0.7530
  QMMM:    23       23      H       -3.3180   -0.2450   -2.2840
  QMMM:    24       24      H       -2.2060   -1.4190   -1.4890
  QMMM:    25       25      H       -3.9460   -1.7990   -1.6400
  QMMM:    26       26      H       -2.2590   -1.7570    0.8760
  QMMM:    27       27      H       -3.4120   -0.8450    1.9190
  QMMM:    28       28      H       -4.0010   -2.1530    0.8390
  QMMM:    29       29      H       -5.5870   -0.7500   -0.2620
  QMMM:    30       30      H       -5.1000    0.8430   -0.9320
  QMMM:    31       31      H       -5.1390    0.5890    0.8480
  QMMM:    32       32      H       -0.9480    0.3680    2.1890
  QMMM:    33       33      H        1.4600   -0.0350    2.1760
  QMMM:    34       34      H        5.9030    1.9030    1.1220
  QMMM:    35       35      H        5.8670    0.1390    1.0760
  QMMM:    36       36      H        5.7250    1.0690   -0.4300
  QMMM:    37       37      H        2.9390   -2.1810    0.0040
  QMMM:    38       38      H        3.3350   -1.5240    1.5980
  QMMM:    39       39      H        4.5870   -1.6590    0.3560

--------------------------------------------------------------------------------
  RESULTS
--------------------------------------------------------------------------------

      iter         sqm energy              rms gradient
      ----    -------------------    -----------------------
xmin    10      156.4713 kcal/mol        0.5030 kcal/(mol*A)
xmin    20      156.3558 kcal/mol        0.2014 kcal/(mol*A)
xmin    30      156.3462 kcal/mol        0.0543 kcal/(mol*A)
xmin    40      156.3347 kcal/mol        0.1492 kcal/(mol*A)
xmin    50      156.3270 kcal/mol        0.1940 kcal/(mol*A)
xmin    60      156.3152 kcal/mol        0.1390 kcal/(mol*A)
xmin    70      156.2995 kcal/mol        0.1998 kcal/(mol*A)
xmin    80      156.2938 kcal/mol        0.0177 kcal/(mol*A)
xmin    90      156.2913 kcal/mol        0.0305 kcal/(mol*A)
xmin   100      156.2901 kcal/mol        0.0221 kcal/(mol*A)
xmin   110      156.2897 kcal/mol        0.0322 kcal/(mol*A)
xmin   120      156.2892 kcal/mol        0.0171 kcal/(mol*A)
xmin   130      156.2889 kcal/mol        0.0237 kcal/(mol*A)
xmin   140      156.2882 kcal/mol        0.0097 kcal/(mol*A)
xmin   150      156.2880 kcal/mol        0.0145 kcal/(mol*A)
xmin   160      156.2877 kcal/mol        0.0447 kcal/(mol*A)
xmin   170      156.2875 kcal/mol        0.0065 kcal/(mol*A)
xmin   180      156.2874 kcal/mol        0.0062 kcal/(mol*A)
xmin   190      156.2871 kcal/mol        0.0040 kcal/(mol*A)
xmin   200      156.2871 kcal/mol        0.0057 kcal/(mol*A)
xmin   210      156.2871 kcal/mol        0.0051 kcal/(mol*A)
xmin   220      156.2871 kcal/mol        0.0053 kcal/(mol*A)
xmin   230      156.2871 kcal/mol        0.0023 kcal/(mol*A)
xmin   240      156.2870 kcal/mol        0.0043 kcal/(mol*A)
xmin   250      156.2870 kcal/mol        0.0009 kcal/(mol*A)
xmin   260      156.2870 kcal/mol        0.0009 kcal/(mol*A)
xmin   270      156.2870 kcal/mol        0.0028 kcal/(mol*A)
xmin   280      156.2870 kcal/mol        0.0034 kcal/(mol*A)
xmin   290      156.2870 kcal/mol        0.0015 kcal/(mol*A)
  ... geometry converged !
 
 Final MO eigenvalues (eV):
 -45.8975  -43.0062  -39.5991  -35.9612  -34.9395  -33.5578  -33.4044  -33.0450
 -31.1867  -28.4962  -27.0839  -26.8037  -25.3571  -23.2147  -22.1970  -22.0152
 -21.9577  -20.1339  -19.6222  -19.2265  -18.4144  -18.3630  -17.9582  -17.8389
 -17.8000  -17.7422  -17.5576  -17.5165  -17.3960  -17.2338  -17.0024  -16.3439
 -16.1456  -15.4761  -15.2722  -15.1948  -14.7074  -14.1586  -13.8106  -13.5701
 -13.0061  -12.7040   -3.9211   -2.9762   -2.7298   -1.6158   -1.5798   -1.5658
  -0.6730   -0.6498   -0.5360   -0.4670   -0.4015   -0.3705   -0.2504   -0.2447
  -0.1905   -0.0340   -0.0205    0.0360    0.0993    0.5525    0.6349    0.9208
   1.2000    1.2602    1.3868    1.5848    1.7405    1.8299    1.9741    2.1036
   2.1784    2.2163    2.3017    2.4299    2.4985    2.6947    2.7351    2.7894
   2.8292    2.9961    3.0371    3.2334

 Heat of formation   =        156.28701061 kcal/mol  (        6.77711333 eV)

 Total SCF energy    =     -53580.72037991 kcal/mol  (    -2323.43438619 eV)
 Electronic energy   =    -367543.09755086 kcal/mol  (   -15937.86468717 eV)
 Core-core repulsion =     313962.37717095 kcal/mol  (    13614.43030098 eV)
 
    Atomic Charges for Step       1 :
  Atom    Element       Mulliken Charge
     1      C                 -0.153
     2      C                 -0.085
     3      C                 -0.006
     4      C                 -0.124
     5      C                 -0.100
     6      C                 -0.183
     7      C                 -0.058
     8      N                  0.026
     9      C                 -0.188
    10      C                 -0.188
    11      C                 -0.188
    12      C                 -0.101
    13      C                 -0.121
    14      C                 -0.215
    15      H                  0.083
    16      H                  0.085
    17      C                 -0.209
    18      H                  0.107
    19      H                  0.158
    20      H                  0.135
    21      H                  0.138
    22      H                  0.138
    23      H                  0.135
    24      H                  0.151
    25      H                  0.135
    26      H                  0.151
    27      H                  0.134
    28      H                  0.135
    29      H                  0.139
    30      H                  0.139
    31      H                  0.139
    32      H                  0.135
    33      H                  0.159
    34      H                  0.088
    35      H                  0.081
    36      H                  0.079
    37      H                  0.077
    38      H                  0.077
    39      H                  0.098
 Total Mulliken Charge =       1.000
 
                  X        Y        Z     TOTAL  
  QM DIPOLE   -12.771   -1.420   -0.500   12.860
 
 Final Structure

  QMMM: QM Region Cartesian Coordinates (*=link atom) 
  QMMM: QM_NO.   MM_NO.  ATOM         X         Y         Z
  QMMM:     1        1      C        3.8592    0.9962    0.9099
  QMMM:     2        2      C        3.1660   -0.0365    0.0249
  QMMM:     3        3      C        1.6849    0.1868    0.0212
  QMMM:     4        4      C        1.0096    0.4207   -1.1845
  QMMM:     5        5      C       -0.3662    0.6325   -1.1948
  QMMM:     6        6      C       -1.0913    0.6119    0.0029
  QMMM:     7        7      C       -2.5469    0.9212    0.0024
  QMMM:     8        8      N       -3.4439   -0.2962   -0.1442
  QMMM:     9        9      C       -3.1639   -0.9886   -1.4347
  QMMM:    10       10      C       -3.2177   -1.2407    0.9870
  QMMM:    11       11      C       -4.8662    0.1582   -0.1285
  QMMM:    12       12      C       -0.4204    0.3820    1.2112
  QMMM:    13       13      C        0.9546    0.1706    1.2183
  QMMM:    14       14      C        5.3283    1.1154    0.5957
  QMMM:    15       15      H        3.7239    0.7135    1.9871
  QMMM:    16       16      H        3.3693    1.9952    0.7624
  QMMM:    17       17      C        3.4840   -1.4507    0.4739
  QMMM:    18       18      H        3.5522    0.0921   -1.0283
  QMMM:    19       19      H        1.5717    0.4464   -2.1323
  QMMM:    20       20      H       -0.8792    0.8328   -2.1484
  QMMM:    21       21      H       -2.8383    1.4212    0.9712
  QMMM:    22       22      H       -2.7974    1.6111   -0.8547
  QMMM:    23       23      H       -3.3629   -0.2835   -2.2846
  QMMM:    24       24      H       -2.0859   -1.3051   -1.4572
  QMMM:    25       25      H       -3.8265   -1.8893   -1.5270
  QMMM:    26       26      H       -2.1403   -1.5602    0.9911
  QMMM:    27       27      H       -3.4568   -0.7247    1.9543
  QMMM:    28       28      H       -3.8798   -2.1380    0.8628
  QMMM:    29       29      H       -5.5417   -0.7317   -0.2362
  QMMM:    30       30      H       -5.0418    0.8672   -0.9805
  QMMM:    31       31      H       -5.0823    0.6774    0.8426
  QMMM:    32       32      H       -0.9767    0.3843    2.1615
  QMMM:    33       33      H        1.4796   -0.0021    2.1722
  QMMM:    34       34      H        5.7965    1.8874    1.2540
  QMMM:    35       35      H        5.8545    0.1449    0.7648
  QMMM:    36       36      H        5.4841    1.4191   -0.4678
  QMMM:    37       37      H        3.0012   -2.1942   -0.2046
  QMMM:    38       38      H        3.1201   -1.6276    1.5147
  QMMM:    39       39      H        4.5886   -1.6159    0.4521

           --------- Calculation Completed ----------

