-I: Adding /data/wschertzer/conda-envs/aem/dat/leap/prep to search path.
-I: Adding /data/wschertzer/conda-envs/aem/dat/leap/lib to search path.
-I: Adding /data/wschertzer/conda-envs/aem/dat/leap/parm to search path.
-I: Adding /data/wschertzer/conda-envs/aem/dat/leap/cmd to search path.
-f: Source chain.leap.in.

Welcome to LEaP!
(no leaprc in search path)
Sourcing: ./chain.leap.in
----- Source: /data/wschertzer/conda-envs/aem/dat/leap/cmd/leaprc.gaff2
----- Source of /data/wschertzer/conda-envs/aem/dat/leap/cmd/leaprc.gaff2 done
Log file: ./leap.log
Loading parameters: /data/wschertzer/conda-envs/aem/dat/leap/parm/gaff2.dat
Reading title:
AMBER General Force Field for organic molecules (Version 2.2.20, March 2021)
Loading parameters: /data/wschertzer/aem-water-uptake/runs/im_peek/dry/typing/fragment/unit.frcmod
Reading force field modification type file (frcmod)
Reading title:
Remark line goes here
Loading Mol2 file: /data/wschertzer/aem-water-uptake/runs/im_peek/dry/typing/chain.mol2
Reading MOLECULE named POL
Checking Unit.

/data/wschertzer/conda-envs/aem/bin/teLeap: Warning!
The unperturbed charge of the unit (5.000039) is not zero.

/data/wschertzer/conda-envs/aem/bin/teLeap: Note.
Ignoring the warning from Unit Checking.

Building topology.
Building atom parameters.
Building bond parameters.
Building angle parameters.
Building proper torsion parameters.
Building improper torsion parameters.
 total 120 improper torsions applied
Building H-Bond parameters.
Incorporating Non-Bonded adjustments.
Not Marking per-residue atom chain types.
Marking per-residue atom chain types.
  (Residues lacking connect0/connect1 - 
   these don't have chain types marked:

	res	total affected

	POL	1
  )
 (no restraints)
	Quit

Exiting LEaP: Errors = 0; Warnings = 1; Notes = 1.
