            --------------------------------------------------------
                             AMBER SQM VERSION 19
 
                                     By
              Ross C. Walker, Michael F. Crowley, Scott Brozell,
                         Tim Giese, Andreas W. Goetz,
                        Tai-Sung Lee and David A. Case
 
            --------------------------------------------------------
 

--------------------------------------------------------------------------------
  QM CALCULATION INFO
--------------------------------------------------------------------------------

| QMMM: Citation for AMBER QMMM Run:
| QMMM: R.C. Walker, M.F. Crowley and D.A. Case, J. COMP. CHEM. 29:1019, 2008

QMMM: SINGLET STATE CALCULATION
QMMM: RHF CALCULATION, NO. OF DOUBLY OCCUPIED LEVELS = 78

| QMMM: *** Selected Hamiltonian *** 
| QMMM: AM1         

| QMMM: *** Parameter sets in use ***
| QMMM: C : M.J.S.DEWAR et al. JACS, 107, 3902, (1985)
| QMMM: O : M.J.S.DEWAR et al. JACS, 107, 3902, (1985)
| QMMM: N : M.J.S.DEWAR et al. JACS, 107, 3902, (1985)
| QMMM: H : M.J.S.DEWAR et al. JACS, 107, 3902, (1985)

| QMMM: *** SCF convergence criteria ***
| QMMM: Energy change                :  0.1D-09 kcal/mol
| QMMM: Error matrix |FP-PF|         :  0.1D+00 au
| QMMM: Density matrix change        :  0.5D-06
| QMMM: Maximum number of SCF cycles :     1000

| QMMM: *** Diagonalization Routine Information ***
| QMMM: Pseudo diagonalizations are allowed.
| QMMM: Auto diagonalization routine selection is in use.
| QMMM:
| QMMM: Timing diagonalization routines:
| QMMM:                              norbs =      149
| QMMM:    diag iterations used for timing =       10
| QMMM:
| QMMM:              Internal diag routine = 0.178164 seconds
| QMMM:                 Dspev diag routine = 0.132592 seconds
| QMMM:                Dspevd diag routine = 3.808290 seconds
| QMMM:                Dspevx diag routine = 0.282861 seconds
| QMMM:                 Dsyev diag routine = 1.332610 seconds
| QMMM:                Dsyevd diag routine = 8.518283 seconds
| QMMM:                Dsyevr diag routine = 3.650945 seconds
| QMMM:
| QMMM:                Pseudo diag routine = 0.045843 seconds
| QMMM:
| QMMM: Using dspev routine (diag_routine=2).

  QMMM: QM Region Cartesian Coordinates (*=link atom) 
  QMMM: QM_NO.   MM_NO.  ATOM         X         Y         Z
  QMMM:     1        1      C       -7.6140    1.3780   -0.3820
  QMMM:     2        2      C       -6.4560    1.8490    0.2500
  QMMM:     3        3      C       -5.3800    0.9900    0.4900
  QMMM:     4        4      C       -5.4470   -0.3450    0.0770
  QMMM:     5        5      C       -4.3340   -1.2940    0.3210
  QMMM:     6        6      C       -2.9120   -0.8740    0.2250
  QMMM:     7        7      C       -2.4830    0.0830   -0.7030
  QMMM:     8        8      C       -1.1280    0.4180   -0.7820
  QMMM:     9        9      C       -0.1990   -0.2190    0.0430
  QMMM:    10       10      O        1.1150    0.1780   -0.0810
  QMMM:    11       11      C        2.0760   -0.8090   -0.0420
  QMMM:    12       12      C        3.1590   -0.6520    0.8330
  QMMM:    13       13      C        3.2760    0.5360    1.7450
  QMMM:    14       14      N        4.2350    1.4790    1.1650
  QMMM:    15       15      C        4.0120    2.1840    0.0460
  QMMM:    16       16      N        5.1000    2.9350   -0.1840
  QMMM:    17       17      C        5.2630    3.8340   -1.3180
  QMMM:    18       18      C        6.0420    2.6940    0.8020
  QMMM:    19       19      C        5.4940    1.7790    1.6570
  QMMM:    20       20      C        4.1680   -1.6300    0.8280
  QMMM:    21       21      C        4.1070   -2.7360   -0.0260
  QMMM:    22       22      O        5.1620   -3.5960    0.0880
  QMMM:    23       23      C        3.0300   -2.8670   -0.9000
  QMMM:    24       24      C        2.0200   -1.9010   -0.9150
  QMMM:    25       25      C       -0.6240   -1.1690    0.9760
  QMMM:    26       26      C       -1.9770   -1.5050    1.0560
  QMMM:    27       27      O       -4.5870   -2.4620    0.6050
  QMMM:    28       28      C       -6.6040   -0.8220   -0.5470
  QMMM:    29       29      C       -7.6770    0.0390   -0.7860
  QMMM:    30       30      C       -8.7580    2.3080   -0.6630
  QMMM:    31       31      H       -6.3930    2.8870    0.5710
  QMMM:    32       32      H       -4.5090    1.3730    1.0150
  QMMM:    33       33      H       -3.1860    0.5560   -1.3840
  QMMM:    34       34      H       -0.8020    1.1600   -1.5060
  QMMM:    35       35      H        2.3240    1.0560    1.8900
  QMMM:    36       36      H        3.6220    0.2220    2.7370
  QMMM:    37       37      H        3.1170    2.1530   -0.5650
  QMMM:    38       38      H        5.7270    4.7650   -0.9810
  QMMM:    39       39      H        4.2860    4.0570   -1.7560
  QMMM:    40       40      H        5.8980    3.3490   -2.0640
  QMMM:    41       41      H        6.9870    3.2090    0.7660
  QMMM:    42       42      H        5.8430    1.2950    2.5530
  QMMM:    43       43      H        5.0230   -1.5420    1.4970
  QMMM:    44       44      C        5.1080   -4.7910   -0.6850
  QMMM:    45       45      H        2.9480   -3.7040   -1.5870
  QMMM:    46       46      H        1.1940   -2.0100   -1.6150
  QMMM:    47       47      H        0.0790   -1.6650    1.6390
  QMMM:    48       48      H       -2.3050   -2.2640    1.7650
  QMMM:    49       49      H       -6.6740   -1.8660   -0.8480
  QMMM:    50       50      H       -8.5670   -0.3460   -1.2800
  QMMM:    51       51      H       -8.8190    3.0940    0.0980
  QMMM:    52       52      H       -9.7120    1.7700   -0.6500
  QMMM:    53       53      H       -8.6280    2.7750   -1.6440
  QMMM:    54       54      H        5.9940   -5.3850   -0.4450
  QMMM:    55       55      H        5.1370   -4.5660   -1.7560
  QMMM:    56       56      H        4.2260   -5.3870   -0.4300

--------------------------------------------------------------------------------
  RESULTS
--------------------------------------------------------------------------------

      iter         sqm energy              rms gradient
      ----    -------------------    -----------------------
xmin    10      175.8009 kcal/mol        0.4359 kcal/(mol*A)
xmin    20      174.7453 kcal/mol        0.5078 kcal/(mol*A)
xmin    30      174.3235 kcal/mol        0.1634 kcal/(mol*A)
xmin    40      174.1331 kcal/mol        0.3252 kcal/(mol*A)
xmin    50      174.0858 kcal/mol        0.1049 kcal/(mol*A)
xmin    60      174.0816 kcal/mol        0.0533 kcal/(mol*A)
xmin    70      174.0617 kcal/mol        0.0266 kcal/(mol*A)
xmin    80      174.0518 kcal/mol        0.0359 kcal/(mol*A)
xmin    90      174.1128 kcal/mol        0.6866 kcal/(mol*A)
xmin   100      174.0485 kcal/mol        0.0198 kcal/(mol*A)
xmin   110      174.0837 kcal/mol        0.4850 kcal/(mol*A)
xmin   120      174.0463 kcal/mol        0.0184 kcal/(mol*A)
xmin   130      174.0455 kcal/mol        0.0318 kcal/(mol*A)
xmin   140      174.0449 kcal/mol        0.0095 kcal/(mol*A)
xmin   150      174.0440 kcal/mol        0.0082 kcal/(mol*A)
xmin   160      174.0433 kcal/mol        0.0340 kcal/(mol*A)
xmin   170      174.0430 kcal/mol        0.0093 kcal/(mol*A)
xmin   180      174.0427 kcal/mol        0.0097 kcal/(mol*A)
xmin   190      174.0425 kcal/mol        0.0114 kcal/(mol*A)
xmin   200      174.0419 kcal/mol        0.0190 kcal/(mol*A)
xmin   210      174.0413 kcal/mol        0.0036 kcal/(mol*A)
xmin   220      174.0409 kcal/mol        0.0128 kcal/(mol*A)
xmin   230      174.0406 kcal/mol        0.0044 kcal/(mol*A)
xmin   240      174.0398 kcal/mol        0.0423 kcal/(mol*A)
xmin   250      174.0387 kcal/mol        0.0332 kcal/(mol*A)
xmin   260      174.0368 kcal/mol        0.0678 kcal/(mol*A)
xmin   270      174.0326 kcal/mol        0.0418 kcal/(mol*A)
xmin   280      174.0302 kcal/mol        0.0120 kcal/(mol*A)
xmin   290      174.0290 kcal/mol        0.0130 kcal/(mol*A)
xmin   300      174.0284 kcal/mol        0.0267 kcal/(mol*A)
xmin   310      174.0275 kcal/mol        0.0072 kcal/(mol*A)
xmin   320      174.0272 kcal/mol        0.0131 kcal/(mol*A)
xmin   330      174.0271 kcal/mol        0.0057 kcal/(mol*A)
xmin   340      174.0269 kcal/mol        0.0089 kcal/(mol*A)
xmin   350      174.0269 kcal/mol        0.0071 kcal/(mol*A)
xmin   360      174.0269 kcal/mol        0.0015 kcal/(mol*A)
xmin   370      174.0269 kcal/mol        0.0008 kcal/(mol*A)
  ... geometry converged !
 
 Final MO eigenvalues (eV):
 -46.7688  -44.0680  -42.9277  -42.2850  -41.4068  -40.8042  -40.1385  -39.5128
 -36.6917  -35.5969  -34.8022  -34.2690  -33.9432  -33.3495  -33.0951  -32.5401
 -30.5305  -30.0013  -29.9163  -27.5528  -27.1221  -26.8776  -26.1956  -25.8286
 -25.1359  -24.9849  -24.4412  -22.8154  -22.6722  -22.0067  -21.4911  -21.0087
 -20.6212  -20.3619  -20.1494  -19.9549  -19.6941  -19.4256  -19.0856  -18.9486
 -18.9165  -18.6449  -18.4853  -18.0251  -17.9207  -17.8678  -17.7805  -17.3773
 -17.3387  -17.2104  -17.0032  -16.9166  -16.6904  -16.5675  -16.3931  -16.1960
 -16.0760  -15.9521  -15.8941  -15.8258  -15.5487  -15.2470  -14.9806  -14.6409
 -14.5928  -14.5711  -14.3301  -14.2185  -14.1691  -14.0252  -13.5188  -12.9796
 -12.5192  -12.3488  -12.1393  -11.5319  -11.4647  -11.1744   -4.0493   -3.4836
  -3.3494   -2.8548   -2.6907   -2.4680   -2.3003   -2.0934   -1.7971   -1.2027
  -0.9560   -0.8305   -0.5836   -0.5242   -0.3983   -0.2851   -0.2011   -0.0612
   0.0327    0.1128    0.1303    0.2529    0.3573    0.4075    0.4953    0.5625
   0.8828    1.0026    1.0780    1.1336    1.1388    1.1862    1.2973    1.3272
   1.3948    1.4530    1.5791    1.6603    1.7531    1.8604    1.8686    1.8943
   2.0097    2.0293    2.1122    2.1338    2.1992    2.2604    2.3050    2.4090
   2.4309    2.4854    2.5543    2.6466    2.6882    2.7403    2.8484    2.9670
   2.9750    3.0655    3.1556    3.1826    3.3822    3.4183    3.5607    3.6570
   3.7572    3.7903    3.9664    4.2810    4.7178

 Heat of formation   =        174.02688918 kcal/mol  (        7.54637219 eV)

 Total SCF energy    =    -116190.28686308 kcal/mol  (    -5038.38891909 eV)
 Electronic energy   =    -933039.79349704 kcal/mol  (   -40459.64153753 eV)
 Core-core repulsion =     816849.50663396 kcal/mol  (    35421.25261844 eV)
 
    Atomic Charges for Step       1 :
  Atom    Element       Mulliken Charge
     1      C                 -0.029
     2      C                 -0.147
     3      C                 -0.093
     4      C                 -0.165
     5      C                  0.307
     6      C                 -0.140
     7      C                 -0.069
     8      C                 -0.157
     9      C                  0.051
    10      O                 -0.213
    11      C                  0.036
    12      C                 -0.131
    13      C                  0.020
    14      N                 -0.085
    15      C                  0.034
    16      N                 -0.097
    17      C                 -0.100
    18      C                 -0.103
    19      C                 -0.096
    20      C                 -0.117
    21      C                  0.082
    22      O                 -0.201
    23      C                 -0.150
    24      C                 -0.119
    25      C                 -0.172
    26      C                 -0.054
    27      O                 -0.275
    28      C                 -0.065
    29      C                 -0.142
    30      C                 -0.191
    31      H                  0.138
    32      H                  0.131
    33      H                  0.159
    34      H                  0.140
    35      H                  0.146
    36      H                  0.139
    37      H                  0.275
    38      H                  0.132
    39      H                  0.128
    40      H                  0.134
    41      H                  0.229
    42      H                  0.228
    43      H                  0.160
    44      C                 -0.082
    45      H                  0.163
    46      H                  0.168
    47      H                  0.153
    48      H                  0.168
    49      H                  0.156
    50      H                  0.146
    51      H                  0.087
    52      H                  0.100
    53      H                  0.093
    54      H                  0.126
    55      H                  0.081
    56      H                  0.084
 Total Mulliken Charge =       1.000
 
                  X        Y        Z     TOTAL  
  QM DIPOLE    15.820    9.169   -0.039   18.285
 
 Final Structure

  QMMM: QM Region Cartesian Coordinates (*=link atom) 
  QMMM: QM_NO.   MM_NO.  ATOM         X         Y         Z
  QMMM:     1        1      C       -7.0785    1.7855   -0.3752
  QMMM:     2        2      C       -5.8530    2.0214    0.2616
  QMMM:     3        3      C       -4.9049    1.0081    0.3660
  QMMM:     4        4      C       -5.1682   -0.2615   -0.1621
  QMMM:     5        5      C       -4.2005   -1.3679   -0.0418
  QMMM:     6        6      C       -2.7550   -1.0274    0.0087
  QMMM:     7        7      C       -2.2298    0.0263   -0.7475
  QMMM:     8        8      C       -0.8631    0.2966   -0.7284
  QMMM:     9        9      C       -0.0306   -0.4952    0.0737
  QMMM:    10       10      O        1.3127   -0.1094    0.1336
  QMMM:    11       11      C        2.2478   -1.1427    0.1504
  QMMM:    12       12      C        3.3901   -0.9379    0.9471
  QMMM:    13       13      C        3.4889    0.2605    1.8348
  QMMM:    14       14      N        3.9460    1.4601    1.1493
  QMMM:    15       15      C        3.2648    2.1242    0.1565
  QMMM:    16       16      N        4.0204    3.1991   -0.2545
  QMMM:    17       17      C        3.6591    4.1513   -1.2676
  QMMM:    18       18      C        5.2111    3.2137    0.4927
  QMMM:    19       19      C        5.1656    2.1220    1.3680
  QMMM:    20       20      C        4.4135   -1.8832    0.9259
  QMMM:    21       21      C        4.2817   -3.0345    0.1266
  QMMM:    22       22      O        5.3525   -3.8965    0.1856
  QMMM:    23       23      C        3.1337   -3.2381   -0.6536
  QMMM:    24       24      C        2.1166   -2.2884   -0.6413
  QMMM:    25       25      C       -0.5369   -1.5521    0.8374
  QMMM:    26       26      C       -1.9034   -1.8174    0.7932
  QMMM:    27       27      O       -4.5611   -2.5510    0.0118
  QMMM:    28       28      C       -6.3997   -0.5043   -0.7875
  QMMM:    29       29      C       -7.3418    0.5139   -0.9000
  QMMM:    30       30      C       -8.0927    2.8592   -0.4752
  QMMM:    31       31      H       -5.6425    3.0142    0.6868
  QMMM:    32       32      H       -3.9501    1.2025    0.8784
  QMMM:    33       33      H       -2.9006    0.6401   -1.3715
  QMMM:    34       34      H       -0.4420    1.1143   -1.3282
  QMMM:    35       35      H        2.4681    0.4896    2.2666
  QMMM:    36       36      H        4.2120    0.0642    2.6791
  QMMM:    37       37      H        2.2738    1.8265   -0.2403
  QMMM:    38       38      H        3.5582    5.1704   -0.8027
  QMMM:    39       39      H        2.6834    3.8554   -1.7377
  QMMM:    40       40      H        4.4617    4.1778   -2.0548
  QMMM:    41       41      H        5.9827    3.9764    0.3518
  QMMM:    42       42      H        5.8949    1.7844    2.1106
  QMMM:    43       43      H        5.3219   -1.7552    1.5339
  QMMM:    44       44      C        5.2403   -5.1041   -0.5660
  QMMM:    45       45      H        3.0263   -4.1397   -1.2762
  QMMM:    46       46      H        1.2057   -2.4369   -1.2432
  QMMM:    47       47      H        0.1365   -2.1691    1.4500
  QMMM:    48       48      H       -2.3255   -2.6587    1.3690
  QMMM:    49       49      H       -6.6152   -1.5112   -1.1814
  QMMM:    50       50      H       -8.3039    0.3173   -1.3978
  QMMM:    51       51      H       -7.6188    3.8698   -0.4185
  QMMM:    52       52      H       -8.8248    2.7675    0.3674
  QMMM:    53       53      H       -8.6580    2.7854   -1.4372
  QMMM:    54       54      H        6.2007   -5.6341   -0.3378
  QMMM:    55       55      H        5.1616   -4.8796   -1.6571
  QMMM:    56       56      H        4.3647   -5.7038   -0.2185

           --------- Calculation Completed ----------

